[    0.000000] Initializing cgroup subsys cpuset
[    0.000000] Initializing cgroup subsys cpu
[    0.000000] Initializing cgroup subsys cpuacct
[    0.000000] Linux version 4.4.0-179-generic (buildd@lcy01-amd64-014) (gcc version 5.4.0 20160609 (Ubuntu 5.4.0-6ubuntu1~16.04.12) ) #209-Ubuntu SMP Fri Apr 24 17:48:44 UTC 2020 (Ubuntu 4.4.0-179.209-generic 4.4.219)
[    0.000000] Command line: BOOT_IMAGE=/boot/vmlinuz-4.4.0-179-generic root=LABEL=cloudimg-rootfs ro console=tty1 console=ttyS0
[    0.000000] KERNEL supported cpus:
[    0.000000]   Intel GenuineIntel
[    0.000000]   AMD AuthenticAMD
[    0.000000]   Centaur CentaurHauls
[    0.000000] x86/fpu: xstate_offset[2]:  576, xstate_sizes[2]:  256
[    0.000000] x86/fpu: Supporting XSAVE feature 0x01: 'x87 floating point registers'
[    0.000000] x86/fpu: Supporting XSAVE feature 0x02: 'SSE registers'
[    0.000000] x86/fpu: Supporting XSAVE feature 0x04: 'AVX registers'
[    0.000000] x86/fpu: Enabled xstate features 0x7, context size is 832 bytes, using 'standard' format.
[    0.000000] e820: BIOS-provided physical RAM map:
[    0.000000] BIOS-e820: [mem 0x0000000000000000-0x000000000009fbff] usable
[    0.000000] BIOS-e820: [mem 0x000000000009fc00-0x000000000009ffff] reserved
[    0.000000] BIOS-e820: [mem 0x00000000000f0000-0x00000000000fffff] reserved
[    0.000000] BIOS-e820: [mem 0x0000000000100000-0x000000003ffeffff] usable
[    0.000000] BIOS-e820: [mem 0x000000003fff0000-0x000000003fffffff] ACPI data
[    0.000000] BIOS-e820: [mem 0x00000000fec00000-0x00000000fec00fff] reserved
[    0.000000] BIOS-e820: [mem 0x00000000fee00000-0x00000000fee00fff] reserved
[    0.000000] BIOS-e820: [mem 0x00000000fffc0000-0x00000000ffffffff] reserved
[    0.000000] NX (Execute Disable) protection: active
[    0.000000] SMBIOS 2.5 present.
[    0.000000] Hypervisor detected: KVM
[    0.000000] e820: last_pfn = 0x3fff0 max_arch_pfn = 0x400000000
[    0.000000] MTRR: Disabled
[    0.000000] x86/PAT: MTRRs disabled, skipping PAT initialization too.
[    0.000000] CPU MTRRs all blank - virtualized system.
[    0.000000] x86/PAT: Configuration [0-7]: WB  WT  UC- UC  WB  WT  UC- UC  
[    0.000000] found SMP MP-table at [mem 0x0009fff0-0x0009ffff] mapped at [ffff88000009fff0]
[    0.000000] Scanning 1 areas for low memory corruption
[    0.000000] RAMDISK: [mem 0x362e2000-0x37168fff]
[    0.000000] ACPI: Early table checksum verification disabled
[    0.000000] ACPI: RSDP 0x00000000000E0000 000024 (v02 VBOX  )
[    0.000000] ACPI: XSDT 0x000000003FFF0030 00003C (v01 VBOX   VBOXXSDT 00000001 ASL  00000061)
[    0.000000] ACPI: FACP 0x000000003FFF00F0 0000F4 (v04 VBOX   VBOXFACP 00000001 ASL  00000061)
[    0.000000] ACPI: DSDT 0x000000003FFF0470 002325 (v02 VBOX   VBOXBIOS 00000002 INTL 20200214)
[    0.000000] ACPI: FACS 0x000000003FFF0200 000040
[    0.000000] ACPI: FACS 0x000000003FFF0200 000040
[    0.000000] ACPI: APIC 0x000000003FFF0240 00005C (v02 VBOX   VBOXAPIC 00000001 ASL  00000061)
[    0.000000] ACPI: SSDT 0x000000003FFF02A0 0001CC (v01 VBOX   VBOXCPUT 00000002 INTL 20200214)
[    0.000000] No NUMA configuration found
[    0.000000] Faking a node at [mem 0x0000000000000000-0x000000003ffeffff]
[    0.000000] NODE_DATA(0) allocated [mem 0x3ffeb000-0x3ffeffff]
[    0.000000] kvm-clock: Using msrs 4b564d01 and 4b564d00
[    0.000000] kvm-clock: cpu 0, msr 0:3ffe3001, primary cpu clock
[    0.000000] kvm-clock: using sched offset of 3064882800 cycles
[    0.000000] clocksource: kvm-clock: mask: 0xffffffffffffffff max_cycles: 0x1cd42e4dffb, max_idle_ns: 881590591483 ns
[    0.000000] Zone ranges:
[    0.000000]   DMA      [mem 0x0000000000001000-0x0000000000ffffff]
[    0.000000]   DMA32    [mem 0x0000000001000000-0x000000003ffeffff]
[    0.000000]   Normal   empty
[    0.000000]   Device   empty
[    0.000000] Movable zone start for each node
[    0.000000] Early memory node ranges
[    0.000000]   node   0: [mem 0x0000000000001000-0x000000000009efff]
[    0.000000]   node   0: [mem 0x0000000000100000-0x000000003ffeffff]
[    0.000000] Initmem setup node 0 [mem 0x0000000000001000-0x000000003ffeffff]
[    0.000000] ACPI: PM-Timer IO Port: 0x4008
[    0.000000] IOAPIC[0]: apic_id 2, version 32, address 0xfec00000, GSI 0-23
[    0.000000] ACPI: INT_SRC_OVR (bus 0 bus_irq 0 global_irq 2 dfl dfl)
[    0.000000] ACPI: INT_SRC_OVR (bus 0 bus_irq 9 global_irq 9 low level)
[    0.000000] Using ACPI (MADT) for SMP configuration information
[    0.000000] smpboot: Allowing 2 CPUs, 0 hotplug CPUs
[    0.000000] PM: Registered nosave memory: [mem 0x00000000-0x00000fff]
[    0.000000] PM: Registered nosave memory: [mem 0x0009f000-0x0009ffff]
[    0.000000] PM: Registered nosave memory: [mem 0x000a0000-0x000effff]
[    0.000000] PM: Registered nosave memory: [mem 0x000f0000-0x000fffff]
[    0.000000] e820: [mem 0x40000000-0xfebfffff] available for PCI devices
[    0.000000] Booting paravirtualized kernel on KVM
[    0.000000] clocksource: refined-jiffies: mask: 0xffffffff max_cycles: 0xffffffff, max_idle_ns: 7645519600211568 ns
[    0.000000] setup_percpu: NR_CPUS:512 nr_cpumask_bits:512 nr_cpu_ids:2 nr_node_ids:1
[    0.000000] PERCPU: Embedded 33 pages/cpu @ffff88003fc00000 s95448 r8192 d31528 u1048576
[    0.000000] Built 1 zonelists in Node order, mobility grouping on.  Total pages: 257912
[    0.000000] Policy zone: DMA32
[    0.000000] Kernel command line: BOOT_IMAGE=/boot/vmlinuz-4.4.0-179-generic root=LABEL=cloudimg-rootfs ro console=tty1 console=ttyS0
[    0.000000] PID hash table entries: 4096 (order: 3, 32768 bytes)
[    0.000000] Memory: 997676K/1048120K available (8630K kernel code, 1336K rwdata, 4036K rodata, 1488K init, 1292K bss, 50444K reserved, 0K cma-reserved)
[    0.000000] SLUB: HWalign=64, Order=0-3, MinObjects=0, CPUs=2, Nodes=1
[    0.000000] Kernel/User page tables isolation: enabled
[    0.000000] Hierarchical RCU implementation.
[    0.000000] 	Build-time adjustment of leaf fanout to 64.
[    0.000000] 	RCU restricting CPUs from NR_CPUS=512 to nr_cpu_ids=2.
[    0.000000] RCU: Adjusting geometry for rcu_fanout_leaf=64, nr_cpu_ids=2
[    0.000000] NR_IRQS:33024 nr_irqs:440 16
[    0.000000] Console: colour VGA+ 80x25
[    0.000000] console [tty1] enabled
[    0.000000] console [ttyS0] enabled
[    0.000000] tsc: Detected 2394.454 MHz processor
[    0.106610] Calibrating delay loop (skipped) preset value.. 4788.90 BogoMIPS (lpj=9577816)
[    0.108022] pid_max: default: 32768 minimum: 301
[    0.108757] ACPI: Core revision 20150930
[    0.110180] ACPI: 2 ACPI AML tables successfully acquired and loaded
[    0.111326] Security Framework initialized
[    0.112018] Yama: becoming mindful.
[    0.112675] AppArmor: AppArmor initialized
[    0.113427] Dentry cache hash table entries: 131072 (order: 8, 1048576 bytes)
[    0.115175] Inode-cache hash table entries: 65536 (order: 7, 524288 bytes)
[    0.116245] Mount-cache hash table entries: 2048 (order: 2, 16384 bytes)
[    0.117229] Mountpoint-cache hash table entries: 2048 (order: 2, 16384 bytes)
[    0.118427] Initializing cgroup subsys io
[    0.119142] Initializing cgroup subsys memory
[    0.119859] Initializing cgroup subsys devices
[    0.120593] Initializing cgroup subsys freezer
[    0.121343] Initializing cgroup subsys net_cls
[    0.122073] Initializing cgroup subsys perf_event
[    0.122949] Initializing cgroup subsys net_prio
[    0.123653] Initializing cgroup subsys hugetlb
[    0.124380] Initializing cgroup subsys pids
[    0.125874] mce: CPU supports 0 MCE banks
[    0.126828] Last level iTLB entries: 4KB 1024, 2MB 1024, 4MB 1024
[    0.127722] Last level dTLB entries: 4KB 1024, 2MB 1024, 4MB 1024, 1GB 4
[    0.128702] Spectre V1 : Mitigation: usercopy/swapgs barriers and __user pointer sanitization
[    0.130034] Spectre V2 : Mitigation: Full generic retpoline
[    0.130985] Spectre V2 : Spectre v2 / SpectreRSB mitigation: Filling RSB on context switch
[    0.132279] Speculative Store Bypass: Vulnerable
[    0.133082] MDS: Mitigation: Clear CPU buffers
[    0.136094] Freeing SMP alternatives memory: 36K
[    0.141834] ftrace: allocating 32313 entries in 127 pages
[    0.191673] smpboot: APIC(0) Converting physical 0 to logical package 0
[    0.192670] smpboot: Max logical packages: 1
[    0.193568] x2apic enabled
[    0.194340] Switched APIC routing to physical x2apic.
[    0.196084] ..TIMER: vector=0x30 apic1=0 pin1=2 apic2=-1 pin2=-1
[    0.305066] smpboot: CPU0: Intel(R) Core(TM) i7-4700MQ CPU @ 2.40GHz (family: 0x6, model: 0x3c, stepping: 0x3)
[    0.306954] Performance Events: unsupported p6 CPU model 60 no PMU driver, software events only.
[    0.318469] KVM setup paravirtual spinlock
[    0.319827] x86: Booting SMP configuration:
[    0.320591] .... node  #0, CPUs:      #1
[    0.321485] kvm-clock: cpu 1, msr 0:3ffe3041, secondary cpu clock
[    0.323052] mce: CPU supports 0 MCE banks
[    0.325543] x86: Booted up 1 node, 2 CPUs
[    0.326594] smpboot: Total of 2 processors activated (9577.81 BogoMIPS)
[    0.328085] devtmpfs: initialized
[    0.329906] evm: security.selinux
[    0.330553] evm: security.SMACK64
[    0.331201] evm: security.SMACK64EXEC
[    0.331863] evm: security.SMACK64TRANSMUTE
[    0.332609] evm: security.SMACK64MMAP
[    0.333324] evm: security.ima
[    0.333954] evm: security.capability
[    0.334874] clocksource: jiffies: mask: 0xffffffff max_cycles: 0xffffffff, max_idle_ns: 7645041785100000 ns
[    0.336368] futex hash table entries: 512 (order: 3, 32768 bytes)
[    0.337573] pinctrl core: initialized pinctrl subsystem
[    0.338581] RTC time: 22:02:55, date: 06/06/20
[    0.339475] NET: Registered protocol family 16
[    0.349274] cpuidle: using governor ladder
[    0.366237] cpuidle: using governor menu
[    0.367228] PCCT header not found.
[    0.368016] ACPI: bus type PCI registered
[    0.368694] acpiphp: ACPI Hot Plug PCI Controller Driver version: 0.5
[    0.369836] PCI: Using configuration type 1 for base access
[    0.381618] ACPI: Added _OSI(Module Device)
[    0.382323] ACPI: Added _OSI(Processor Device)
[    0.383154] ACPI: Added _OSI(3.0 _SCP Extensions)
[    0.384088] ACPI: Added _OSI(Processor Aggregator Device)
[    0.385787] ACPI: Executed 1 blocks of module-level executable AML code
[    0.389066] ACPI: Interpreter enabled
[    0.389894] ACPI: (supports S0 S5)
[    0.390635] ACPI: Using IOAPIC for interrupt routing
[    0.391710] PCI: Using host bridge windows from ACPI; if necessary, use "pci=nocrs" and report a bug
[    0.396525] ACPI: PCI Root Bridge [PCI0] (domain 0000 [bus 00-ff])
[    0.397587] acpi PNP0A03:00: _OSC: OS supports [ASPM ClockPM Segments MSI]
[    0.398933] acpi PNP0A03:00: _OSC: not requesting OS control; OS requires [ExtendedConfig ASPM ClockPM MSI]
[    0.400937] acpi PNP0A03:00: fail to add MMCONFIG information, can't access extended PCI configuration space under this bridge.
[    0.403504] PCI host bridge to bus 0000:00
[    0.405104] pci_bus 0000:00: root bus resource [io  0x0000-0x0cf7 window]
[    0.406802] pci_bus 0000:00: root bus resource [io  0x0d00-0xffff window]
[    0.407931] pci_bus 0000:00: root bus resource [mem 0x000a0000-0x000bffff window]
[    0.409369] pci_bus 0000:00: root bus resource [mem 0x40000000-0xfdffffff window]
[    0.410785] pci_bus 0000:00: root bus resource [bus 00-ff]
[    0.413301] pci 0000:00:01.1: legacy IDE quirk: reg 0x10: [io  0x01f0-0x01f7]
[    0.414512] pci 0000:00:01.1: legacy IDE quirk: reg 0x14: [io  0x03f6]
[    0.415634] pci 0000:00:01.1: legacy IDE quirk: reg 0x18: [io  0x0170-0x0177]
[    0.416924] pci 0000:00:01.1: legacy IDE quirk: reg 0x1c: [io  0x0376]
[    0.442146] pci 0000:00:07.0: quirk: [io  0x4000-0x403f] claimed by PIIX4 ACPI
[    0.444040] pci 0000:00:07.0: quirk: [io  0x4100-0x410f] claimed by PIIX4 SMB
[    0.451421] ACPI: PCI Interrupt Link [LNKA] (IRQs 5 9 10 *11)
[    0.454774] ACPI: PCI Interrupt Link [LNKB] (IRQs 5 9 *10 11)
[    0.456166] ACPI: PCI Interrupt Link [LNKC] (IRQs 5 *9 10 11)
[    0.457515] ACPI: PCI Interrupt Link [LNKD] (IRQs 5 9 10 *11)
[    0.458845] ACPI: Enabled 2 GPEs in block 00 to 07
[    0.460065] vgaarb: setting as boot device: PCI:0000:00:02.0
[    0.461002] vgaarb: device added: PCI:0000:00:02.0,decodes=io+mem,owns=io+mem,locks=none
[    0.462526] vgaarb: loaded
[    0.463037] vgaarb: bridge control possible 0000:00:02.0
[    0.464079] SCSI subsystem initialized
[    0.464830] ACPI: bus type USB registered
[    0.465579] usbcore: registered new interface driver usbfs
[    0.466416] usbcore: registered new interface driver hub
[    0.467270] usbcore: registered new device driver usb
[    0.468397] PCI: Using ACPI for IRQ routing
[    0.469908] NetLabel: Initializing
[    0.470571] NetLabel:  domain hash size = 128
[    0.471264] NetLabel:  protocols = UNLABELED CIPSOv4
[    0.472057] NetLabel:  unlabeled traffic allowed by default
[    0.473056] amd_nb: Cannot enumerate AMD northbridges
[    0.473951] clocksource: Switched to clocksource kvm-clock
[    0.480463] AppArmor: AppArmor Filesystem Enabled
[    0.481312] pnp: PnP ACPI init
[    0.482537] pnp: PnP ACPI: found 3 devices
[    0.491784] clocksource: acpi_pm: mask: 0xffffff max_cycles: 0xffffff, max_idle_ns: 2085701024 ns
[    0.493241] NET: Registered protocol family 2
[    0.494133] TCP established hash table entries: 8192 (order: 4, 65536 bytes)
[    0.495196] TCP bind hash table entries: 8192 (order: 5, 131072 bytes)
[    0.496183] TCP: Hash tables configured (established 8192 bind 8192)
[    0.497137] UDP hash table entries: 512 (order: 2, 16384 bytes)
[    0.498088] UDP-Lite hash table entries: 512 (order: 2, 16384 bytes)
[    0.499089] NET: Registered protocol family 1
[    0.499827] pci 0000:00:00.0: Limiting direct PCI/PCI transfers
[    0.500818] pci 0000:00:01.0: Activating ISA DMA hang workarounds
[    0.501866] Unpacking initramfs...
[    0.681126] Freeing initrd memory: 14876K
[    0.682002] RAPL PMU detected, API unit is 2^-32 Joules, 4 fixed counters 10737418240 ms ovfl timer
[    0.683579] hw unit of domain pp0-core 2^-0 Joules
[    0.684338] hw unit of domain package 2^-0 Joules
[    0.685094] hw unit of domain dram 2^-0 Joules
[    0.685816] hw unit of domain pp1-gpu 2^-0 Joules
[    0.686688] clocksource: tsc: mask: 0xffffffffffffffff max_cycles: 0x2283c0783fd, max_idle_ns: 440795301468 ns
[    0.688298] platform rtc_cmos: registered platform RTC device (no PNP device found)
[    0.689627] Scanning for low memory corruption every 60 seconds
[    0.690972] audit: initializing netlink subsys (disabled)
[    0.691814] audit: type=2000 audit(1591480980.460:1): initialized
[    0.692994] Initialise system trusted keyring
[    0.693899] HugeTLB registered 2 MB page size, pre-allocated 0 pages
[    0.696129] zbud: loaded
[    0.697002] VFS: Disk quotas dquot_6.6.0
[    0.697692] VFS: Dquot-cache hash table entries: 512 (order 0, 4096 bytes)
[    0.699072] squashfs: version 4.0 (2009/01/31) Phillip Lougher
[    0.700269] fuse init (API version 7.23)
[    0.701068] Key type big_key registered
[    0.701723] Allocating IMA MOK and blacklist keyrings.
[    0.703492] Key type asymmetric registered
[    0.704211] Asymmetric key parser 'x509' registered
[    0.705014] Block layer SCSI generic (bsg) driver version 0.4 loaded (major 249)
[    0.706328] io scheduler noop registered
[    0.707021] io scheduler deadline registered (default)
[    0.707820] io scheduler cfq registered
[    0.708557] pci_hotplug: PCI Hot Plug PCI Core version: 0.5
[    0.709416] pciehp: PCI Express Hot Plug Controller Driver version: 0.4
[    0.710609] ACPI: AC Adapter [AC] (on-line)
[    0.711348] input: Power Button as /devices/LNXSYSTM:00/LNXPWRBN:00/input/input0
[    0.712560] ACPI: Power Button [PWRF]
[    0.713245] input: Sleep Button as /devices/LNXSYSTM:00/LNXSLPBN:00/input/input1
[    0.714467] ACPI: Sleep Button [SLPF]
[    0.715347] GHES: HEST is not enabled!
[    0.716548] ACPI: Battery Slot [BAT0] (battery present)
[    0.717389] Serial: 8250/16550 driver, 32 ports, IRQ sharing enabled
[    0.738814] 00:02: ttyS0 at I/O 0x3f8 (irq = 4, base_baud = 115200) is a 16550A
[    0.742568] Linux agpgart interface v0.103
[    0.744871] loop: module loaded
[    0.746133] scsi host0: ata_piix
[    0.746937] scsi host1: ata_piix
[    0.747597] ata1: PATA max UDMA/33 cmd 0x1f0 ctl 0x3f6 bmdma 0xd000 irq 14
[    0.748632] ata2: PATA max UDMA/33 cmd 0x170 ctl 0x376 bmdma 0xd008 irq 15
[    0.749724] libphy: Fixed MDIO Bus: probed
[    0.750532] tun: Universal TUN/TAP device driver, 1.6
[    0.751324] tun: (C) 1999-2004 Max Krasnyansky <maxk@qualcomm.com>
[    0.752261] PPP generic driver version 2.4.2
[    0.753022] ehci_hcd: USB 2.0 'Enhanced' Host Controller (EHCI) Driver
[    0.753963] ehci-pci: EHCI PCI platform driver
[    0.754827] ehci-platform: EHCI generic platform driver
[    0.755661] ohci_hcd: USB 1.1 'Open' Host Controller (OHCI) Driver
[    0.756576] ohci-pci: OHCI PCI platform driver
[    0.757277] ohci-platform: OHCI generic platform driver
[    0.758076] uhci_hcd: USB Universal Host Controller Interface driver
[    0.759209] i8042: PNP: PS/2 Controller [PNP0303:PS2K,PNP0f03:PS2M] at 0x60,0x64 irq 1,12
[    0.761033] serio: i8042 KBD port at 0x60,0x64 irq 1
[    0.761837] serio: i8042 AUX port at 0x60,0x64 irq 12
[    0.762827] mousedev: PS/2 mouse device common for all mice
[    0.764062] rtc_cmos rtc_cmos: rtc core: registered rtc_cmos as rtc0
[    0.765113] rtc_cmos rtc_cmos: alarms up to one day, 114 bytes nvram
[    0.766139] i2c /dev entries driver
[    0.766983] input: AT Translated Set 2 keyboard as /devices/platform/i8042/serio0/input/input2
[    0.768395] device-mapper: uevent: version 1.0.3
[    0.769318] device-mapper: ioctl: 4.34.0-ioctl (2015-10-28) initialised: dm-devel@redhat.com
[    0.770732] ledtrig-cpu: registered to indicate activity on CPUs
[    0.772045] NET: Registered protocol family 10
[    0.772976] NET: Registered protocol family 17
[    0.773708] Key type dns_resolver registered
[    0.774715] registered taskstats version 1
[    0.775422] Loading compiled-in X.509 certificates
[    0.776726] Loaded X.509 cert 'Build time autogenerated kernel key: a9e5689415cbbea5b40a198600f217117afda70c'
[    0.778242] zswap: loaded using pool lzo/zbud
[    0.780639] Key type trusted registered
[    0.784163] Key type encrypted registered
[    0.784871] AppArmor: AppArmor sha1 policy hashing enabled
[    0.785892] ima: No TPM chip found, activating TPM-bypass!
[    0.787016] ima: Allocated hash algorithm: sha1
[    0.787807] evm: HMAC attrs: 0x1
[    0.788770]   Magic number: 8:745:46
[    0.789781] rtc_cmos rtc_cmos: setting system clock to 2020-06-06 22:02:55 UTC (1591480975)
[    0.791731] BIOS EDD facility v0.16 2004-Jun-25, 0 devices found
[    0.792919] EDD information not available.
[    0.925916] Freeing unused kernel memory: 1488K
[    0.926745] Write protecting the kernel read-only data: 14336k
[    0.928180] Freeing unused kernel memory: 1600K
[    0.929123] Freeing unused kernel memory: 60K
Loading, please wait...
starting version 229
[    0.944823] random: systemd-udevd: uninitialized urandom read (16 bytes read, 2 bits of entropy available)
[    0.945413] random: udevadm: uninitialized urandom read (16 bytes read, 2 bits of entropy available)
[    0.945433] random: udevadm: uninitialized urandom read (16 bytes read, 2 bits of entropy available)
[    0.950808] random: systemd-udevd: uninitialized urandom read (16 bytes read, 2 bits of entropy available)
[    0.952376] random: systemd-udevd: uninitialized urandom read (16 bytes read, 2 bits of entropy available)
[    0.952959] random: udevadm: uninitialized urandom read (16 bytes read, 2 bits of entropy available)
[    0.952998] random: udevadm: uninitialized urandom read (16 bytes read, 2 bits of entropy available)
[    0.953113] random: udevadm: uninitialized urandom read (16 bytes read, 2 bits of entropy available)
[    0.953157] random: udevadm: uninitialized urandom read (16 bytes read, 2 bits of entropy available)
[    0.953198] random: udevadm: uninitialized urandom read (16 bytes read, 2 bits of entropy available)
[    0.992109] e1000: Intel(R) PRO/1000 Network Driver - version 7.3.21-k8-NAPI
[    0.993152] e1000: Copyright (c) 1999-2006 Intel Corporation.
[    0.996029] Fusion MPT base driver 3.04.20
[    0.996748] Copyright (c) 1999-2008 LSI Corporation
[    1.002691] Fusion MPT SPI Host driver 3.04.20
[    1.012133] AVX2 version of gcm_enc/dec engaged.
[    1.013049] AES CTR mode by8 optimization enabled
[    1.199687] input: ImExPS/2 Generic Explorer Mouse as /devices/platform/i8042/serio1/input/input4
[    1.335041] e1000 0000:00:03.0 eth0: (PCI:33MHz:32-bit) 02:7c:66:aa:a6:59
[    1.336271] e1000 0000:00:03.0 eth0: Intel(R) PRO/1000 Network Connection
[    1.337992] mptbase: ioc0: Initiating bringup
[    1.338454] e1000 0000:00:03.0 enp0s3: renamed from eth0
[    1.402372] ioc0: LSI53C1030 A0: Capabilities={Initiator}
[    1.566595] scsi host2: ioc0: LSI53C1030 A0, FwRev=00000000h, Ports=1, MaxQ=256, IRQ=20
[    1.679184] scsi 2:0:0:0: Direct-Access     VBOX     HARDDISK         1.0  PQ: 0 ANSI: 5
[    1.683827] scsi target2:0:0: Beginning Domain Validation
[    1.689548] scsi target2:0:0: Domain Validation skipping write tests
[    1.690808] scsi target2:0:0: Ending Domain Validation
[    1.691738] scsi target2:0:0: asynchronous
[    1.700704] scsi 2:0:1:0: Direct-Access     VBOX     HARDDISK         1.0  PQ: 0 ANSI: 5
[    1.702077] scsi target2:0:1: Beginning Domain Validation
[    1.703645] scsi target2:0:1: Domain Validation skipping write tests
[    1.704602] scsi target2:0:1: Ending Domain Validation
[    1.705443] scsi target2:0:1: asynchronous
[    1.709773] sd 2:0:0:0: Attached scsi generic sg0 type 0
[    1.710751] sd 2:0:0:0: [sda] 20971520 512-byte logical blocks: (10.7 GB/10.0 GiB)
[    1.712392] sd 2:0:1:0: Attached scsi generic sg1 type 0
[    1.713254] sd 2:0:1:0: [sdb] 20480 512-byte logical blocks: (10.5 MB/10.0 MiB)
[    1.714632] sd 2:0:0:0: [sda] Write Protect is off
[    1.714770] sd 2:0:1:0: [sdb] Write Protect is off
[    1.714982] sd 2:0:1:0: [sdb] Incomplete mode parameter data
[    1.714983] sd 2:0:1:0: [sdb] Assuming drive cache: write through
[    1.719106] sd 2:0:0:0: [sda] Incomplete mode parameter data
[    1.720229] sd 2:0:0:0: [sda] Assuming drive cache: write through
[    1.722221] sd 2:0:1:0: [sdb] Attached SCSI disk
[    1.723397]  sda: sda1
[    1.724900] sd 2:0:0:0: [sda] Attached SCSI disk
Begin: Loading essential drivers ... [    3.004796] md: linear personality registered for level -1
[    3.007727] md: multipath personality registered for level -4
[    3.010741] md: raid0 personality registered for level 0
[    3.014818] md: raid1 personality registered for level 1
[    3.097780] raid6: sse2x1   gen() 10522 MB/s
[    3.169780] raid6: sse2x1   xor()  8714 MB/s
[    3.238290] raid6: sse2x2   gen() 13284 MB/s
[    3.313984] raid6: sse2x2   xor() 10047 MB/s
[    3.390153] raid6: sse2x4   gen() 17291 MB/s
[    3.461748] raid6: sse2x4   xor() 11128 MB/s
[    3.538548] raid6: avx2x1   gen() 22891 MB/s
[    3.613900] raid6: avx2x2   gen() 26347 MB/s
[    3.682343] raid6: avx2x4   gen() 25670 MB/s
[    3.683769] raid6: using algorithm avx2x2 gen() 26347 MB/s
[    3.685632] raid6: using avx2x2 recovery algorithm
[    3.688611] xor: automatically using best checksumming function:
[    3.725967]    avx       : 25720.000 MB/sec
[    3.728148] async_tx: api initialized (async)
[    3.739200] md: raid6 personality registered for level 6
[    3.740040] md: raid5 personality registered for level 5
[    3.740847] md: raid4 personality registered for level 4
[    3.746955] md: raid10 personality registered for level 10
done.
Begin: Running /scripts/init-premount ... done.
Begin: Mounting root file system ... Begin: Running /scripts/local-top ... done.
Begin: Running /scripts/local-premount ... [    3.778235] Btrfs loaded
Scanning for Btrfs filesystems
done.
Warning: fsck not present, so skipping root file system
[    3.808661] EXT4-fs (sda1): mounted filesystem with ordered data mode. Opts: (null)
done.
Begin: Running /scripts/local-bottom ... done.
Begin: Running /scripts/init-bottom ... done.
[    3.923026] systemd[1]: systemd 229 running in system mode. (+PAM +AUDIT +SELINUX +IMA +APPARMOR +SMACK +SYSVINIT +UTMP +LIBCRYPTSETUP +GCRYPT +GNUTLS +ACL +XZ -LZ4 +SECCOMP +BLKID +ELFUTILS +KMOD -IDN)
[    3.926964] systemd[1]: Detected virtualization oracle.
[    3.928070] systemd[1]: Detected architecture x86-64.

Welcome to [1mUbuntu 16.04.6 LTS[0m!

[    3.931376] systemd[1]: Set hostname to <ubuntu>.
[    3.934791] systemd[1]: Initializing machine ID from random generator.
[    3.936143] systemd[1]: Installed transient /etc/machine-id file.
[    4.071306] systemd[1]: Listening on Syslog Socket.
[[0;32m  OK  [0m] Listening on Syslog Socket.
[    4.073617] systemd[1]: Set up automount Arbitrary Executable File Formats File System Automount Point.
[[0;32m  OK  [0m] Set up automount Arbitrary Executab...ats File System Automount Point.
[    4.077053] systemd[1]: Listening on Device-mapper event daemon FIFOs.
[[0;32m  OK  [0m] Listening on Device-mapper event daemon FIFOs.
[    4.079487] systemd[1]: Listening on LVM2 poll daemon socket.
[[0;32m  OK  [0m] Listening on LVM2 poll daemon socket.
[    4.081589] systemd[1]: Listening on LVM2 metadata daemon socket.
[[0;32m  OK  [0m] Listening on LVM2 metadata daemon socket.
[    4.084279] systemd[1]: Listening on /dev/initctl Compatibility Named Pipe.
[[0;32m  OK  [0m] Listening on /dev/initctl Compatibility Named Pipe.
[    4.087759] systemd[1]: Reached target Swap.
[[0;32m  OK  [0m] Reached target Swap.
[    4.089176] systemd[1]: Started Trigger resolvconf update for networkd DNS.
[[0;32m  OK  [0m] Started Trigger resolvconf update for networkd DNS.
[    4.091388] systemd[1]: Listening on Journal Audit Socket.
[[0;32m  OK  [0m] Listening on Journal Audit Socket.
[    4.093109] systemd[1]: Listening on Journal Socket (/dev/log).
[[0;32m  OK  [0m] Listening on Journal Socket (/dev/log).
[    4.095426] systemd[1]: Created slice User and Session Slice.
[[0;32m  OK  [0m] Created slice User and Session Slice.
[    4.097290] systemd[1]: Started Forward Password Requests to Wall Directory Watch.
[[0;32m  OK  [0m] Started Forward Password Requests to Wall Directory Watch.
[    4.099699] systemd[1]: Listening on Journal Socket.
[[0;32m  OK  [0m] Listening on Journal Socket.
[    4.101245] systemd[1]: Reached target User and Group Name Lookups.
[[0;32m  OK  [0m] Reached target User and Group Name Lookups.
[    4.103366] systemd[1]: Created slice System Slice.
[[0;32m  OK  [0m] Created slice System Slice.
[    4.118264] systemd[1]: Starting Create list of required static device nodes for the current kernel...
         Starting Create list of required st... nodes for the current kernel...
[    4.123049] systemd[1]: Starting Set console keymap...
         Starting Set console keymap...
[    4.125546] systemd[1]: Reached target Slices.
[[0;32m  OK  [0m] Reached target Slices.
[    4.127924] systemd[1]: Starting Remount Root and Kernel File Systems...
         Starting Remount Root and Kernel File Systems...
[    4.131184] systemd[1]: Mounting Debug File System...
         Mounting Debug File System...
[    4.133206] EXT4-fs (sda1): re-mounted. Opts: (null)
[    4.134829] systemd[1]: Mounting POSIX Message Queue File System...
         Mounting POSIX Message Queue File System...
[    4.137035] systemd[1]: Mounting Huge Pages File System...
         Mounting Huge Pages File System...
[    4.140547] systemd[1]: Starting Uncomplicated firewall...
         Starting Uncomplicated firewall...
[    4.142745] systemd[1]: Starting Journal Service...
         Starting Journal Service...
[    4.146521] systemd[1]: Starting Load Kernel Modules...
         Starting Load Kernel Modules...
[    4.150318] systemd[1]: Created slice system-serial\x2dgetty.slice.
[[0;32m  OK  [0m] Created slice system-serial\x2dgetty.slice.
[    4.153223] systemd[1]: Reached target System Time Synchronized.
[    4.157057] Loading iSCSI transport class v2.0-870.
[[0;32m  OK  [0m] Reached target System Time Synchronized.
[    4.158803] systemd[1]: Reached target Encrypted Volumes.
[[0;32m  OK  [0m] Reached target Encrypted Volumes.
[    4.167643] iscsi: registered transport (tcp)
[    4.182296] systemd[1]: Starting Nameserver information manager...
         Starting Nameserver information manager...
[    4.184597] systemd[1]: Starting Monitoring of LVM2 mirrors, snapshots etc. using dmeventd or progress polling...
         Starting Monitoring of LVM2 mirrors... dmeventd or progress polling...
[    4.187569] systemd[1]: Listening on udev Control Socket.
[[0;32m  OK  [0m] Listening on udev Control Socket.
[    4.189360] systemd[1]: Listening on udev Kernel Socket.
[[0;32m  OK  [0m] Listening on udev Kernel Socket.
[    4.192773] systemd[1]: Mounted Huge Pages File System.
[[0;32m  OK  [0m] Mounted Huge Pages File System.
[    4.194551] systemd[1]: Mounted Debug File System.
[[0;32m  OK  [0m] Mounted Debug File System.
[    4.196760] systemd[1]: Mounted POSIX Message Queue File System.
[[0;32m  OK  [0m] Mounted POSIX Message Queue File System.
[    4.198677] systemd[1]: Started Journal Service.
[[0;32m  OK  [0m] Started Journal Service.
[[0;32m  OK  [0m] Started Create list of required sta...ce nodes for the current kernel.
[[0;32m  OK  [0m] Started Set console keymap.
[[0;32m  OK  [0m] Started Remount Root and Kernel File Systems.
[    4.205727] iscsi: registered transport (iser)
[[0;32m  OK  [0m] Started Uncomplicated firewall.
[[0;32m  OK  [0m] Started Load Kernel Modules.
[[0;32m  OK  [0m] Started Nameserver information manager.
         Starting Apply Kernel Variables...
         Mounting FUSE Control File System...
         Starting udev Coldplug all Devices...
         Starting Load/Save Random Seed...
         Starting Create Static Device Nodes in /dev...
         Starting Flush Journal to Persistent Storage...
[[0;32m  OK  [0m] Mounted FUSE Control File System.
[[0;32m  OK  [0m] Started Apply Kernel Variables.
[[0;32m  OK  [0m] Started LVM2 metadata daemon.
[[0;32m  OK  [0m] Started Load/Save Random Seed.
[[0;32m  OK  [0m] Started Flush Journal to Persistent Storage.
[[0;32m  OK  [0m] Started Create Static Device Nodes in /dev.
         Starting udev Kernel Device Manager...
[[0;32m  OK  [0m] Started udev Kernel Device Manager.
[[0;32m  OK  [0m] Started udev Coldplug all Devices.
[[0;32m  OK  [0m] Started Dispatch Password Requests to Console Directory Watch.
[[0;32m  OK  [0m] Found device /dev/ttyS0.
[[0;32m  OK  [0m] Listening on Load/Save RF Kill Switch Status /dev/rfkill Watch.
[[0;32m  OK  [0m] Started Monitoring of LVM2 mirrors,...ng dmeventd or progress polling.
[[0;32m  OK  [0m] Reached target Local File Systems (Pre).
[[0;32m  OK  [0m] Reached target Local File Systems.
         Starting Tell Plymouth To Write Out Runtime Data...
         Starting Create Volatile Files and Directories...
         Starting Set console font and keymap...
         Starting Commit a transient machine-id on disk...
         Starting Initial cloud-init job (pre-networking)...
         Starting LSB: AppArmor initialization...
[[0;32m  OK  [0m] Started Tell Plymouth To Write Out Runtime Data.
[[0;32m  OK  [0m] Started Create Volatile Files and Directories.
         Starting Update UTMP about System Boot/Shutdown...
[[0;32m  OK  [0m] Started Update UTMP about System Boot/Shutdown.
[[0;32m  OK  [0m] Started Commit a transient machine-id on disk.
[[0;32m  OK  [0m] Started Set console font and keymap.
[[0;32m  OK  [0m] Created slice system-getty.slice.
[[0;32m  OK  [0m] Started LSB: AppArmor initialization.
[    5.607001] cloud-init[636]: Cloud-init v. 19.4-33-gbb4131a2-0ubuntu1~16.04.1 running 'init-local' at Sat, 06 Jun 2020 22:03:00 +0000. Up 5.34 seconds.
[[0;32m  OK  [0m] Started Initial cloud-init job (pre-networking).
[[0;32m  OK  [0m] Reached target Network (Pre).
         Starting Raise network interfaces...
[[0;32m  OK  [0m] Started Raise network interfaces.
[[0;32m  OK  [0m] Reached target Network.
         Starting Initial cloud-init job (metadata service crawler)...
[    6.531857] cloud-init[954]: Cloud-init v. 19.4-33-gbb4131a2-0ubuntu1~16.04.1 running 'init' at Sat, 06 Jun 2020 22:03:00 +0000. Up 6.07 seconds.
[    6.533606] cloud-init[954]: ci-info: ++++++++++++++++++++++++++++++++++++++Net device info++++++++++++++++++++++++++++++++++++++
[    6.535045] cloud-init[954]: ci-info: +--------+------+----------------------------+---------------+--------+-------------------+
[    6.536406] cloud-init[954]: ci-info: | Device |  Up  |          Address           |      Mask     | Scope  |     Hw-Address    |
[    6.552317] cloud-init[954]: ci-info: +--------+------+----------------------------+---------------+--------+-------------------+
[    6.568313] cloud-init[954]: ci-info: | enp0s3 | True |         10.0.2.15          | 255.255.255.0 | global | 02:7c:66:aa:a6:59 |[[0;32m  OK  [0m] Started Initial cloud-init job (metadata service crawler).
[[0;32m  OK  [0m] Reached target Network is Online.

[    6.570748] cloud-init[954]: ci-info: | enp0s3 | True | fe80::7c:66ff:feaa:a659/64 |       .       |  link  | 02:7c:66:aa:a6:59 |
[    6.576424] cloud-init[954]: ci-info: |   lo   | True |         127.0.0.1          |   255.0.0.0   |  host  |         .         |
[    6.577818] cloud-init[954]: ci-info: |   lo   | True |          ::1/128           |       .       |  host  |         .         |
[    6.585126] cloud-init[954]: ci-info: +--------+------+----------------------------+---------------+--------+-------------------+
[    6.585280] cloud-init[954]: ci-info: +++++++++++++++++++++++++++Route IPv4 info++++++++++++++++++++++++++++
[    6.585614] cloud-init[954]: ci-info: +-------+-------------+----------+---------------+-----------+-------+
[    6.586033] cloud-init[954]: ci-info: | Route | Destination | Gateway  |    Genmask    | Interface | Flags |
[    6.586448] cloud-init[954]: ci-info: +-------+-------------+----------+---------------+-----------+-------+
[    6.586904] cloud-init[954]: ci-info: |   0   |   0.0.0.0   | 10.0.2.2 |    0.0.0.0    |   enp0s3  |   UG  |
[    6.587203] cloud-init[954]: ci-info: |   1   |   10.0.2.0  | 0.0.0.0  | 255.255.255.0 |   enp0s3  |   U   |
[    6.587613] cloud-init[954]: ci-info: +-------+-------------+----------+---------------+-----------+-------+
[    6.588027] cloud-init[954]: ci-info: +++++++++++++++++++Route IPv6 info+++++++++++++++++++
[    6.588343] cloud-init[954]: ci-info: +-------+-------------+---------+-----------+-------+
[    6.588740] cloud-init[954]: ci-info: | Route | Destination | Gateway | Interface | Flags |
[    6.589164] cloud-init[954]: ci-info: +-------+-------------+---------+-----------+-------+
[    6.589573] cloud-init[954]: ci-info: |   0   |  fe80::/64  |    ::   |   enp0s3  |   U   |
[    6.589988] cloud-init[954]: ci-info: |   3   |   ff00::/8  |    ::   |   enp0s3  |   U   |
[    6.590397] cloud-init[954]: ci-info: +-------+-------------+---------+-----------+-------+
[    6.590823] cloud-init[954]: Generating public/private rsa key pair.
[    6.591225] cloud-init[954]: Your identification has been saved in /etc/ssh/ssh_host_rsa_key.
[    6.591636] cloud-init[954]: Your public key has been saved in /etc/ssh/ssh_host_rsa_key.pub.
[    6.592175] cloud-init[954]: The key fingerprint is:
[    6.592566] cloud-init[954]: SHA256:U3SQHk4OKWZl4XN1vklgSJ8kKlXHoPfcmwjJ6LpnJhw root@ubuntu-xenial
[    6.592958] cloud-init[954]: The key's randomart image is:
[    6.593301] cloud-init[954]: +---[RSA 2048]----+
[    6.593650] cloud-init[954]: |       .==B*B .  |
[    6.594005] cloud-init[954]: |      ++o+=O.=   |
[    6.594351] cloud-init[954]: |     o..=*+.o o  |
[    6.594700] cloud-init[954]: |       . B++ o o |
[    6.595049] cloud-init[954]: |        S + o +  |
[    6.595397] cloud-init[954]: |      E. . . . o |
[    6.595746] cloud-init[954]: |     . ..   . o  |
[    6.596340] cloud-init[954]: |      o.+        |
[    6.596682] cloud-init[954]: |      o*         |
[    6.597040] cloud-init[954]: +----[SHA256]-----+
[    6.597385] cloud-init[954]: Generating public/private dsa key pair.
[    6.597731] cloud-init[954]: Your identification has been saved in /etc/ssh/ssh_host_dsa_key.
[    6.598078] cloud-init[954]: Your public key has been saved in /etc/ssh/ssh_host_dsa_key.pub.
[    6.598561] cloud-init[954]: The key fingerprint is:
[    6.598852] cloud-init[954]: SHA256:8MckACudJEzO/CfU2Ig+IaTFrDEp8iAQX9Zj0fGathQ root@ubuntu-xenial
[    6.599192] cloud-init[954]: The key's randomart image is:
[    6.599539] cloud-init[954]: +---[DSA 1024]----+
[    6.599889] cloud-init[954]: |+O+ =ooo..       |
[    6.600363] cloud-init[954]: |@*+B B+...       |
[    6.600706] cloud-init[954]: |**O B.+.E o      |
[    6.601067] cloud-init[954]: |.o.=   o B       |
[    6.601409] cloud-init[954]: |  o o . S o      |
[    6.601758] cloud-init[954]: |   . o o o       |
[    6.602106] cloud-init[954]: |        .        |
[    6.602457] cloud-init[954]: |                 |
[    6.602806] cloud-init[954]: |                 |
[    6.603075] cloud-init[954]: +----[SHA256]-----+
[    6.603428] cloud-init[954]: Generating public/private ecdsa key pair.
[    6.603775] cloud-init[954]: Your identification has been saved in /etc/ssh/ssh_host_ecdsa_key.
[    6.604250] cloud-init[954]: Your public key has been saved in /etc/ssh/ssh_host_ecdsa_key.pub.
[    6.604603] cloud-init[954]: The key fingerprint is:
[    6.604952] cloud-init[954]: SHA256:AxJ4DsK9txYhoBHo9g5brzAGOZIUZoc/IT8uFDargAo root@ubuntu-xenial
[    6.605298] cloud-init[954]: The key's randomart image is:
[    6.605633] cloud-init[954]: +---[ECDSA 256]---+
[    6.605982] cloud-init[954]: |=*+o.            |
[    6.606345] cloud-init[954]: |*O=+.o           |
[    6.606658] cloud-init[954]: |=oB+= o          |
[    6.607006] cloud-init[954]: |EB *.+ .         |
[    6.607359] cloud-init[954]: |& o + o S        |
[    6.607705] cloud-init[954]: |=+ + o   .       |
[    6.608091] cloud-init[954]: | +* o            |
[    6.608408] cloud-init[954]: |..o. .           |
[    6.608752] cloud-init[954]: |   ..            |
[    6.608841] cloud-init[954]: +----[SHA256]-----+
[    6.609107] cloud-init[954]: Generating public/private ed25519 key pair.
[    6.609460] cloud-init[954]: Your identification has been saved in /etc/ssh/ssh_host_ed25519_key.
[    6.609811] cloud-init[954]: Your public key has been saved in /etc/ssh/ssh_host_ed25519_key.pub.
[    6.610161] cloud-init[954]: The key fingerprint is:
[    6.610513] cloud-init[954]: SHA256:uqnPydsKo643rhiub9/PARNHVaQ9qKD7GHOeWd3925A root@ubuntu-xenial
[    6.610863] cloud-init[954]: The key's randomart image is:
[    6.611218] cloud-init[954]: +--[ED25519 256]--+
[    6.611567] cloud-init[954]: |        ...oo    |
[    6.611935] cloud-init[954]: |       .   +     |
[    6.612281] cloud-init[954]: |      o . o o    |
[    6.612625] cloud-init[954]: |     . + .   .   |
[    6.612921] cloud-init[954]: |    . o S        |
[    6.613264] cloud-init[954]: |     . + . . . . |
[    6.613613] cloud-init[954]: |.   * o o . . E  |
[    6.613960] cloud-init[954]: |o.+. & X .     o.|
[    6.614469] cloud-init[954]: |*X=o+o/++      .+|
[    6.614781] cloud-init[954]: +----[SHA256]-----+
         Starting iSCSI initiator daemon (iscsid)...
[[0;32m  OK  [0m] Reached target System Initialization.
[[0;32m  OK  [0m] Listening on UUID daemon activation socket.
[[0;32m  OK  [0m] Started ACPI Events Check.
[[0;32m  OK  [0m] Reached target Paths.
[[0;32m  OK  [0m] Started Daily Cleanup of Temporary Directories.
         Starting LXD - unix socket.
         Starting Socket activation for snappy daemon.
[[0;32m  OK  [0m] Listening on D-Bus System Message Bus Socket.
[[0;32m  OK  [0m] Listening on ACPID Listen Socket.
[[0;32m  OK  [0m] Started Daily apt download activities.
[[0;32m  OK  [0m] Started Message of the Day.
[[0;32m  OK  [0m] Started Daily apt upgrade and clean activities.
[[0;32m  OK  [0m] Reached target Timers.
[[0;32m  OK  [0m] Reached target Cloud-config availability.
[[0;32m  OK  [0m] Listening on LXD - unix socket.
[[0;32m  OK  [0m] Listening on Socket activation for snappy daemon.
[[0;32m  OK  [0m] Reached target Sockets.
[[0;32m  OK  [0m] Reached target Basic System.
         Starting LSB: Record successful boot for GRUB...
         Starting Accounts Service...
         Starting System Logging Service...
[[0;32m  OK  [0m] Started Regular background program processing daemon.
         Starting Snappy daemon...
[[0;32m  OK  [0m] Started Deferred execution scheduler.
         Starting Virtualbox guest utils...
[[0;32m  OK  [0m] Started D-Bus System Message Bus.
         Starting LSB: MD monitoring daemon...
         Starting /etc/rc.local Compatibility...
[[0;32m  OK  [0m] Started ACPI event daemon.
         Starting Login Service...
         Starting Pollinate to seed the pseudo random number generator...
[[0;32m  OK  [0m] Started FUSE filesystem for LXC.
         Starting LXD - container startup/shutdown...
[[0;32m  OK  [0m] Started System Logging Service.
[[0;32m  OK  [0m] Started iSCSI initiator daemon (iscsid).
[[0;32m  OK  [0m] Started /etc/rc.local Compatibility.
         Starting Authenticate and Authorize Users to Run Privileged Tasks...
         Starting Login to default iSCSI targets...
[[0;32m  OK  [0m] Started LSB: Record successful boot for GRUB.
[[0;32m  OK  [0m] Started Login Service.
[[0;32m  OK  [0m] Started Unattended Upgrades Shutdown.
[[0;32m  OK  [0m] Started LSB: MD monitoring daemon.
[[0;32m  OK  [0m] Started Login to default iSCSI targets.
[[0;32m  OK  [0m] Reached target Remote File Systems (Pre).
[[0;32m  OK  [0m] Reached target Remote File Systems.
         Starting LSB: daemon to balance interrupts for SMP systems...
         Starting LSB: automatic crash report generation...
         Starting LSB: Set the CPU Frequency Scaling governor to "ondemand"...
         Starting Permit User Sessions...
[[0;32m  OK  [0m] Started Permit User Sessions.
[[0;32m  OK  [0m] Started Authenticate and Authorize Users to Run Privileged Tasks.
[[0;32m  OK  [0m] Started Accounts Service.
         Starting Terminate Plymouth Boot Screen...
         Starting Hold until boot process finishes up...
[[0;32m  OK  [0m] Started Hold until boot process finishes up.
[[0;32m  OK  [0m] Started LSB: Set the CPU Frequency Scaling governor to "ondemand".
[[0;32m  OK  [0m] Started Terminate Plymouth Boot Screen.
[[0;32m  OK  [0m] Started Serial Getty on ttyS0.
[[0;32m  OK  [0m] Started Getty on tty1.
[[0;32m  OK  [0m] Reached target Login Prompts.
         Starting Set console scheme...
[[0;32m  OK  [0m] Started Set console scheme.
[[0;32m  OK  [0m] Started LXD - container startup/shutdown.
[[0;32m  OK  [0m] Started LSB: daemon to balance interrupts for SMP systems.
[[0;32m  OK  [0m] Started LSB: automatic crash report generation.
[[0;32m  OK  [0m] Started Virtualbox guest utils.
[[0;32m  OK  [0m] Started Snappy daemon.
         Starting Wait until snapd is fully seeded...
[[0;32m  OK  [0m] Started Pollinate to seed the pseudo random number generator.
         Starting OpenBSD Secure Shell server...
[[0;32m  OK  [0m] Started OpenBSD Secure Shell server.
[[0;32m  OK  [0m] Started Wait until snapd is fully seeded.
[[0;32m  OK  [0m] Reached target Multi-User System.
[[0;32m  OK  [0m] Reached target Graphical Interface.
         Starting Update UTMP about System Runlevel Changes...
         Starting Apply the settings specified in cloud-config...
[[0;32m  OK  [0m] Started Update UTMP about System Runlevel Changes.
[    7.903507] cloud-init[1307]: Generating locales (this might take a while)...
[    8.591752] cloud-init[1307]:   en_US.UTF-8... done
[    8.592713] cloud-init[1307]: Generation complete.
[    8.835503] cloud-init[1307]: Cloud-init v. 19.4-33-gbb4131a2-0ubuntu1~16.04.1 running 'modules:config' at Sat, 06 Jun 2020 22:03:02 +0000. Up 7.82 seconds.
[[0;32m  OK  [0m] Started Apply the settings specified in cloud-config.
         Starting Execute cloud user/final scripts...
ci-info: no authorized SSH keys fingerprints found for user ubuntu.
<14>Jun  6 22:03:04 ec2: 
<14>Jun  6 22:03:04 ec2: #############################################################
<14>Jun  6 22:03:04 ec2: -----BEGIN SSH HOST KEY FINGERPRINTS-----
<14>Jun  6 22:03:04 ec2: 1024 SHA256:8MckACudJEzO/CfU2Ig+IaTFrDEp8iAQX9Zj0fGathQ root@ubuntu-xenial (DSA)
<14>Jun  6 22:03:04 ec2: 256 SHA256:AxJ4DsK9txYhoBHo9g5brzAGOZIUZoc/IT8uFDargAo root@ubuntu-xenial (ECDSA)
<14>Jun  6 22:03:04 ec2: 256 SHA256:uqnPydsKo643rhiub9/PARNHVaQ9qKD7GHOeWd3925A root@ubuntu-xenial (ED25519)
<14>Jun  6 22:03:04 ec2: 2048 SHA256:U3SQHk4OKWZl4XN1vklgSJ8kKlXHoPfcmwjJ6LpnJhw root@ubuntu-xenial (RSA)
<14>Jun  6 22:03:04 ec2: -----END SSH HOST KEY FINGERPRINTS-----
<14>Jun  6 22:03:04 ec2: #############################################################
-----BEGIN SSH HOST KEY KEYS-----
ecdsa-sha2-nistp256 AAAAE2VjZHNhLXNoYTItbmlzdHAyNTYAAAAIbmlzdHAyNTYAAABBBBHX66h+wnpZYVcqeUcoR9C4yDvOZvFosU7onOnODW3zX8Cr3G3n1r4UHogJyxD1LbQgUNBTGh4wF79p9ZH4cEY= root@ubuntu-xenial
ssh-ed25519 AAAAC3NzaC1lZDI1NTE5AAAAIMny7WGgUPTZOn+7bBdn08Qf9r4rMrNKvQ3RBaRONXRt root@ubuntu-xenial
ssh-rsa AAAAB3NzaC1yc2EAAAADAQABAAABAQCneVaaoNqh5ZfhQSg1HgmGPK2Io6YS49ky9uH/IDFvg2bsPwhpLG/8RNAoDZiZW6+qHI3q+AEPNt49y//T3dDwIr6Xbm3KZanmAhv96Qlct99+5ta4WtkvShpUYGgjb3GIBdgUWFr3W0Rzjj5cQZFpE47MKkmEAFxw8wLdGalEHWX7C2dYLPP7lnggFWpDeucoR30pminuaMXxXrU8JZJP+YDHjw6TK0NiXdHuV2h2NUYjTtQkm9nyNGxpYWkJx4/t0Unq9nTZAqHJxiQTtb0H6PU5sT+AhIsDw89iOpSMfS7JO3PxfyZw3gzFO45ei30m2hpUABD7dNuyP7XcKxLj root@ubuntu-xenial
-----END SSH HOST KEY KEYS-----
[    9.216734] cloud-init[1345]: Cloud-init v. 19.4-33-gbb4131a2-0ubuntu1~16.04.1 running 'modules:final' at Sat, 06 Jun 2020 22:03:03 +0000. Up 9.10 seconds.
[    9.218238] cloud-init[1345]: ci-info: no authorized SSH keys fingerprints found for user ubuntu.
[    9.219739] cloud-init[1345]: Cloud-init v. 19.4-33-gbb4131a2-0ubuntu1~16.04.1 finished at Sat, 06 Jun 2020 22:03:04 +0000. Datasource DataSourceNoCloud [seed=/dev/sdb][dsmode=net].  Up 9.21 seconds
[[0;32m  OK  [0m] Started Execute cloud user/final scripts.
[[0;32m  OK  [0m] Reached target Cloud-init target.

Ubuntu 16.04.6 LTS ubuntu-xenial ttyS0

ubuntu-xenial login: [[0;32m  OK  [0m] Closed Load/Save RF Kill Switch Status /dev/rfkill Watch.
[[0;32m  OK  [0m] Stopped target Graphical Interface.
         Stopping Accounts Service...
         Stopping ACPI event daemon...
         Stopping User Manager for UID 1000...
         Stopping Session 5 of user vagrant.
         Stopping Session 4 of user vagrant.
[[0;32m  OK  [0m] Stopped target Timers.
[[0;32m  OK  [0m] Stopped Daily apt upgrade and clean activities.
[[0;32m  OK  [0m] Stopped Daily apt download activities.
[[0;32m  OK  [0m] Stopped Message of the Day.
[[0;32m  OK  [0m] Stopped target System Time Synchronized.
[[0;32m  OK  [0m] Stopped target Cloud-init target.
[[0;32m  OK  [0m] Stopped Execute cloud user/final scripts.
[[0;32m  OK  [0m] Stopped target Multi-User System.
         Stopping Virtualbox guest utils...
[[0;32m  OK  [0m] Stopped target Login Prompts.
         Stopping Serial Getty on ttyS0...
         Stopping Regular background program processing daemon...
         Stopping LSB: Record successful boot for GRUB...
         Stopping OpenBSD Secure Shell server...
         Stopping Deferred execution scheduler...
         Stopping LSB: daemon to balance interrupts for SMP systems...
         Stopping D-Bus System Message Bus...
         Stopping LSB: Set the CPU Frequency Scaling governor to "ondemand"...
         Stopping LXD - container startup/shutdown...
[[0;32m  OK  [0m] Stopped Apply the settings specified in cloud-config.
[[0;32m  OK  [0m] Stopped Wait until snapd is fully seeded.
[[0;32m  OK  [0m] Stopped target Cloud-config availability.
         Stopping Getty on tty1...
         Stopping LSB: MD monitoring daemon...
[[0;32m  OK  [0m] Stopped Daily Cleanup of Temporary Directories.
         Stopping LSB: automatic crash report generation...
         Stopping Authenticate and Authorize Users to Run Privileged Tasks...
         Stopping System Logging Service...
         Stopping FUSE filesystem for LXC...
         Stopping A high performance web server and a reverse proxy server...
[[0;32m  OK  [0m] Unmounted /var/lib/lxcfs.
[[0;32m  OK  [0m] Stopped Accounts Service.
[[0;32m  OK  [0m] Stopped System Logging Service.
[[0;32m  OK  [0m] Stopped Regular background program processing daemon.
[[0;32m  OK  [0m] Stopped Deferred execution scheduler.
[[0;32m  OK  [0m] Stopped ACPI event daemon.
[[0;32m  OK  [0m] Stopped Authenticate and Authorize Users to Run Privileged Tasks.
[[0;32m  OK  [0m] Stopped Serial Getty on ttyS0.
[[0;32m  OK  [0m] Stopped Getty on tty1.
[[0;32m  OK  [0m] Stopped OpenBSD Secure Shell server.
[[0;32m  OK  [0m] Stopped User Manager for UID 1000.
[[0;32m  OK  [0m] Stopped Session 5 of user vagrant.
[[0;32m  OK  [0m] Stopped D-Bus System Message Bus.
[[0;32m  OK  [0m] Stopped FUSE filesystem for LXC.
[[0;32m  OK  [0m] Stopped LXD - container startup/shutdown.
[[0;32m  OK  [0m] Stopped LSB: daemon to balance interrupts for SMP systems.
[[0;32m  OK  [0m] Stopped LSB: Set the CPU Frequency Scaling governor to "ondemand".
[[0;32m  OK  [0m] Stopped LSB: Record successful boot for GRUB.
[[0;32m  OK  [0m] Removed slice system-getty.slice.
[[0;32m  OK  [0m] Removed slice system-serial\x2dgetty.slice.
[[0;32m  OK  [0m] Stopped /etc/rc.local Compatibility.
[[0;32m  OK  [0m] Stopped Virtualbox guest utils.
[[0;32m  OK  [0m] Stopped LSB: MD monitoring daemon.
[[0;32m  OK  [0m] Stopped LSB: automatic crash report generation.
[[0;32m  OK  [0m] Stopped Session 4 of user vagrant.
[[0;32m  OK  [0m] Stopped A high performance web server and a reverse proxy server.
[[0;32m  OK  [0m] Removed slice User Slice of vagrant.
         Stopping Login Service...
         Stopping Permit User Sessions...
[[0;32m  OK  [0m] Stopped Permit User Sessions.
[[0;32m  OK  [0m] Stopped target Remote File Systems.
[[0;32m  OK  [0m] Stopped target Remote File Systems (Pre).
         Stopping Login to default iSCSI targets...
[[0;32m  OK  [0m] Stopped Login Service.
[[0;32m  OK  [0m] Stopped target Basic System.
[[0;32m  OK  [0m] Stopped target Paths.
[[0;32m  OK  [0m] Stopped Dispatch Password Requests to Console Directory Watch.
[[0;32m  OK  [0m] Stopped Forward Password Requests to Wall Directory Watch.
[[0;32m  OK  [0m] Stopped ACPI Events Check.
[[0;32m  OK  [0m] Stopped target Slices.
[[0;32m  OK  [0m] Stopped target Sockets.
[[0;32m  OK  [0m] Closed UUID daemon activation socket.
[[0;32m  OK  [0m] Closed Syslog Socket.
[[0;32m  OK  [0m] Closed LXD - unix socket.
[[0;32m  OK  [0m] Closed Socket activation for snappy daemon.
[[0;32m  OK  [0m] Closed ACPID Listen Socket.
[[0;32m  OK  [0m] Stopped target User and Group Name Lookups.
[[0;32m  OK  [0m] Removed slice User and Session Slice.
[[0;32m  OK  [0m] Closed D-Bus System Message Bus Socket.
[[0;32m  OK  [0m] Stopped target System Initialization.
[[0;32m  OK  [0m] Stopped Create Volatile Files and Directories.
[[0;32m  OK  [0m] Stopped target Encrypted Volumes.
[[0;32m  OK  [0m] Stopped Commit a transient machine-id on disk.
[[0;32m  OK  [0m] Stopped target Swap.
         Stopping Load/Save Random Seed...
[[0;32m  OK  [0m] Stopped Login to default iSCSI targets.
[[0;32m  OK  [0m] Stopped Load/Save Random Seed.
         Stopping iSCSI initiator daemon (iscsid)...
[[0;32m  OK  [0m] Stopped iSCSI initiator daemon (iscsid).
[[0;32m  OK  [0m] Stopped target Network is Online.
[[0;32m  OK  [0m] Stopped Initial cloud-init job (metadata service crawler).
[[0;32m  OK  [0m] Stopped target Network.
         Stopping Raise network interfaces...
[[0;32m  OK  [0m] Stopped Raise network interfaces.
[[0;32m  OK  [0m] Stopped target Local File Systems.
         Unmounting /vagrant...
         Unmounting /run/user/1000...
[[0;32m  OK  [0m] Stopped target Network (Pre).
[[0;32m  OK  [0m] Stopped Initial cloud-init job (pre-networking).
[[0;32m  OK  [0m] Stopped Apply Kernel Variables.
[[0;32m  OK  [0m] Stopped Load Kernel Modules.
[[0;32m  OK  [0m] Unmounted /vagrant.
[[0;32m  OK  [0m] Unmounted /run/user/1000.
[[0;32m  OK  [0m] Reached target Unmount All Filesystems.
[[0;32m  OK  [0m] Stopped target Local File Systems (Pre).
[[0;32m  OK  [0m] Stopped Create Static Device Nodes in /dev.
[[0;32m  OK  [0m] Stopped Remount Root and Kernel File Systems.
[[0;32m  OK  [0m] Reached target Shutdown.
[  150.906490] reboot: Power down
